// Jest Snapshot v1, https://goo.gl/fbAQLP

exports[`color picker basic 1`] = `"<div><div style=\\"width: 60px; padding: 5px; background: rgb(255, 255, 255); border-radius: 1px; box-shadow: 0 0 0 1px rgba(0,0,0,.1); display: inline-block; cursor: pointer;\\"><div style=\\"height: 22px; border-radius: 2px; background: url(data:image/png;base64,iVBORw0KGgoAAAANSUhEUgAAABAAAAAQCAYAAAAf8/9hAAAAMUlEQVQ4T2NkYGAQYcAP3uCTZhw1gGGYhAGBZIA/nYDCgBDAm9BGDWAAJyRCgLaBCAAgXwixzAS0pgAAAABJRU5ErkJggg==);\\"></div></div></div>"`;
